[137318] 2025/09/08 11:54:33.730697 [INF] Starting nats-server
[137318] 2025/09/08 11:54:33.730746 [INF]   Version:  2.11.6
[137318] 2025/09/08 11:54:33.730749 [INF]   Git:      [bc813ee]
[137318] 2025/09/08 11:54:33.730751 [INF]   Name:     NDVPEBL3NO73W5LYC3FLZSUQ4SZTIIOSWD3PRVFYVITU55G7PTGNLOP5
[137318] 2025/09/08 11:54:33.730754 [INF]   Node:     e583bFAe
[137318] 2025/09/08 11:54:33.730756 [INF]   ID:       NDVPEBL3NO73W5LYC3FLZSUQ4SZTIIOSWD3PRVFYVITU55G7PTGNLOP5
[137318] 2025/09/08 11:54:33.732848 [INF] Starting JetStream
[137318] 2025/09/08 11:54:33.734016 [INF]     _ ___ _____ ___ _____ ___ ___   _   __  __
[137318] 2025/09/08 11:54:33.734022 [INF]  _ | | __|_   _/ __|_   _| _ \ __| /_\ |  \/  |
[137318] 2025/09/08 11:54:33.734024 [INF] | || | _|  | | \__ \ | | |   / _| / _ \| |\/| |
[137318] 2025/09/08 11:54:33.734025 [INF]  \__/|___| |_| |___/ |_| |_|_\___/_/ \_\_|  |_|
[137318] 2025/09/08 11:54:33.734027 [INF] 
[137318] 2025/09/08 11:54:33.734028 [INF]          https://docs.nats.io/jetstream
[137318] 2025/09/08 11:54:33.734029 [INF] 
[137318] 2025/09/08 11:54:33.734031 [INF] ---------------- JETSTREAM ----------------
[137318] 2025/09/08 11:54:33.734035 [INF]   Max Memory:      44.06 GB
[137318] 2025/09/08 11:54:33.734037 [INF]   Max Storage:     20.27 GB
[137318] 2025/09/08 11:54:33.734039 [INF]   Store Directory: "data/nats/jetstream"
[137318] 2025/09/08 11:54:33.734040 [INF]   API Level:       1
[137318] 2025/09/08 11:54:33.734043 [INF] -------------------------------------------
[137318] 2025/09/08 11:54:33.735561 [INF]   Starting restore for stream '$G > AGENTS'
[137318] 2025/09/08 11:54:33.740559 [INF]   Restored 0 messages for stream '$G > AGENTS' in 5ms
[137318] 2025/09/08 11:54:33.741462 [INF]   Starting restore for stream '$G > TASKS'
[137318] 2025/09/08 11:54:33.743512 [INF]   Restored 0 messages for stream '$G > TASKS' in 2ms
[137318] 2025/09/08 11:54:33.743892 [INF]   Starting restore for stream '$G > VECTORS'
[137318] 2025/09/08 11:54:33.744341 [INF]   Restored 0 messages for stream '$G > VECTORS' in 0s
[137318] 2025/09/08 11:54:33.745332 [INF] Listening for client connections on 0.0.0.0:4222
[137318] 2025/09/08 11:54:33.745587 [INF] Server is ready
[137318] 2025/09/08 11:56:25.023185 [INF] Trapped "terminated" signal
[137318] 2025/09/08 11:56:25.024438 [INF] Initiating Shutdown...
[137318] 2025/09/08 11:56:25.024463 [INF] Initiating JetStream Shutdown...
[137318] 2025/09/08 11:56:25.024604 [INF] JetStream Shutdown
[137318] 2025/09/08 11:56:25.024762 [INF] Server Exiting..
